// Jest Snapshot v1, https://goo.gl/fbAQLP

exports[`pruebas en <TodoListItem/> debe mostrarse correctamente 1`] = `
<Fragment>
  <li
    className="list-group-item"
    key="1"
  >
    <p
      className="null"
      onClick={[Function]}
    >
       
      1
      .  
      Aprender React
    </p>
    <button
      className="btn btn-danger"
      onClick={[Function]}
    >
      borrar
    </button>
  </li>
</Fragment>
`;
