// Jest Snapshot v1, https://goo.gl/fbAQLP

exports[`Probando la prueba de counter app Debe mostrar counterApp correctamente a traves de un snapshot 1`] = `
<Fragment>
  <h1>
    CounterApp
  </h1>
  <h2>
    10
  </h2>
  <button
    onClick={[Function]}
  >
    +1
  </button>
  <button
    onClick={[Function]}
  >
    -1
  </button>
  <button
    onClick={[Function]}
  >
    reset
  </button>
</Fragment>
`;
